--------- beginning of main
08-25 09:47:09.863  2610  2610 I LimDoSpeech: 준비 완료
08-25 09:47:09.913  2610  2610 I LimDoSpeech: 재생 중:INITIAL
08-25 09:47:13.838  2610  2621 I LimDoSpeech: 재생 완료:INITIAL
08-25 09:47:14.922  2610  2610 I LimDoSpeech: 재생 중:SUCCESS
08-25 09:47:17.566  2610  2860 I LimDoSpeech: 재생 완료:SUCCESS
08-25 09:47:17.626  2610  2610 I LimDoSpeech: 준비 완료
08-25 09:47:21.104  2610  2610 I LimDoSpeech: 재생 중:INITIAL
08-25 09:47:23.987  3014  3014 I LimDoSpeech: 준비 완료
08-25 09:47:24.013  3014  3014 I LimDoSpeech: 준비 완료
08-25 09:47:24.309  3014  3014 I LimDoSpeech: 준비 완료
08-25 09:47:24.659  3014  3014 I LimDoSpeech: 준비 완료
08-25 09:47:24.942  3014  3014 I LimDoSpeech: 준비 완료
08-25 09:47:25.205  3014  3014 I LimDoSpeech: 준비 완료
08-25 09:47:25.505  3014  3014 I LimDoSpeech: 준비 완료
08-25 09:47:25.803  3014  3014 I LimDoSpeech: 준비 완료
08-25 09:47:26.082  3014  3014 I LimDoSpeech: 준비 완료
08-25 09:47:26.323  3014  3014 I LimDoSpeech: 준비 완료
08-25 09:47:26.580  3014  3014 I LimDoSpeech: 준비 완료
08-25 09:47:26.843  3014  3014 I LimDoSpeech: 준비 완료
08-25 09:47:27.098  3014  3014 I LimDoSpeech: 준비 완료
08-25 09:47:27.414  3014  3014 I LimDoSpeech: 준비 완료
08-25 09:47:27.706  3014  3014 I LimDoSpeech: 준비 완료
08-25 09:47:27.990  3014  3014 I LimDoSpeech: 준비 완료
08-25 09:47:28.277  3014  3014 I LimDoSpeech: 준비 완료
08-25 09:47:28.570  3014  3014 I LimDoSpeech: 준비 완료
08-25 09:47:28.852  3014  3014 I LimDoSpeech: 준비 완료
08-25 09:47:29.118  3014  3014 I LimDoSpeech: 준비 완료
08-25 09:47:29.390  3014  3014 I LimDoSpeech: 준비 완료
08-25 09:47:29.660  3014  3014 I LimDoSpeech: 준비 완료
08-25 09:47:29.946  3014  3014 I LimDoSpeech: 준비 완료
08-25 09:47:30.221  3014  3014 I LimDoSpeech: 준비 완료
08-25 09:47:30.500  3014  3014 I LimDoSpeech: 준비 완료
08-25 09:47:30.796  3014  3014 I LimDoSpeech: 준비 완료
08-25 09:47:31.090  3014  3014 I LimDoSpeech: 준비 완료
08-25 09:47:31.365  3014  3014 I LimDoSpeech: 준비 완료
08-25 09:47:31.667  3014  3014 I LimDoSpeech: 준비 완료
08-25 09:47:31.984  3014  3014 I LimDoSpeech: 준비 완료
08-25 09:47:32.256  3014  3014 I LimDoSpeech: 준비 완료
08-25 09:47:32.521  3014  3014 I LimDoSpeech: 준비 완료
08-25 09:47:32.799  3014  3014 I LimDoSpeech: 준비 완료
08-25 09:47:33.050  3014  3014 I LimDoSpeech: 준비 완료
08-25 09:47:33.338  3014  3014 I LimDoSpeech: 준비 완료
08-25 09:47:33.631  3014  3014 I LimDoSpeech: 준비 완료
08-25 09:47:33.884  3014  3014 I LimDoSpeech: 준비 완료
08-25 09:47:34.207  3014  3014 I LimDoSpeech: 준비 완료
08-25 09:47:34.499  3014  3014 I LimDoSpeech: 준비 완료
08-25 09:47:34.765  3014  3014 I LimDoSpeech: 준비 완료
08-25 09:47:35.020  3014  3014 I LimDoSpeech: 준비 완료
08-25 09:47:35.266  3014  3014 I LimDoSpeech: 준비 완료
08-25 09:47:35.504  3014  3014 I LimDoSpeech: 준비 완료
08-25 09:47:35.825  3014  3014 I LimDoSpeech: 준비 완료
08-25 09:47:36.119  3014  3014 I LimDoSpeech: 준비 완료
08-25 09:47:36.379  3014  3014 I LimDoSpeech: 준비 완료
08-25 09:47:36.667  3014  3014 I LimDoSpeech: 준비 완료
08-25 09:47:36.987  3014  3014 I LimDoSpeech: 준비 완료
08-25 09:47:37.280  3014  3014 I LimDoSpeech: 준비 완료
08-25 09:47:37.559  3014  3014 I LimDoSpeech: 준비 완료
08-25 09:47:37.868  3014  3014 I LimDoSpeech: 준비 완료
08-25 09:47:38.141  3014  3014 I LimDoSpeech: 준비 완료
08-25 09:47:38.390  3014  3014 I LimDoSpeech: 준비 완료
08-25 09:47:38.667  3014  3014 I LimDoSpeech: 준비 완료
08-25 09:47:38.957  3014  3014 I LimDoSpeech: 준비 완료
08-25 09:47:39.247  3014  3014 I LimDoSpeech: 준비 완료
08-25 09:47:39.507  3014  3014 I LimDoSpeech: 준비 완료
08-25 09:47:39.816  3014  3014 I LimDoSpeech: 준비 완료
08-25 09:47:40.120  3014  3014 I LimDoSpeech: 준비 완료
08-25 09:47:43.760  3014  3014 I LimDoSpeech: 재생 중:INITIAL
08-25 09:47:43.925  3014  3014 I LimDoSpeech: 준비 완료
