--------- beginning of main
08-25 09:47:09.863  2610  2610 I LimDoSpeech: 준비 완료
08-25 09:47:09.913  2610  2610 I LimDoSpeech: 재생 중:INITIAL
08-25 09:47:13.838  2610  2621 I LimDoSpeech: 재생 완료:INITIAL
08-25 09:47:14.922  2610  2610 I LimDoSpeech: 재생 중:SUCCESS
08-25 09:47:17.566  2610  2860 I LimDoSpeech: 재생 완료:SUCCESS
08-25 09:47:17.626  2610  2610 I LimDoSpeech: 준비 완료
08-25 09:47:21.104  2610  2610 I LimDoSpeech: 재생 중:INITIAL
08-25 09:47:23.987  3014  3014 I LimDoSpeech: 준비 완료
08-25 09:47:24.013  3014  3014 I LimDoSpeech: 준비 완료
08-25 09:47:24.309  3014  3014 I LimDoSpeech: 준비 완료
08-25 09:47:24.659  3014  3014 I LimDoSpeech: 준비 완료
08-25 09:47:24.942  3014  3014 I LimDoSpeech: 준비 완료
08-25 09:47:25.205  3014  3014 I LimDoSpeech: 준비 완료
08-25 09:47:25.505  3014  3014 I LimDoSpeech: 준비 완료
08-25 09:47:25.803  3014  3014 I LimDoSpeech: 준비 완료
08-25 09:47:26.082  3014  3014 I LimDoSpeech: 준비 완료
08-25 09:47:26.323  3014  3014 I LimDoSpeech: 준비 완료
08-25 09:47:26.580  3014  3014 I LimDoSpeech: 준비 완료
08-25 09:47:26.843  3014  3014 I LimDoSpeech: 준비 완료
08-25 09:47:27.098  3014  3014 I LimDoSpeech: 준비 완료
08-25 09:47:27.414  3014  3014 I LimDoSpeech: 준비 완료
08-25 09:47:27.706  3014  3014 I LimDoSpeech: 준비 완료
08-25 09:47:27.990  3014  3014 I LimDoSpeech: 준비 완료
08-25 09:47:28.277  3014  3014 I LimDoSpeech: 준비 완료
08-25 09:47:28.570  3014  3014 I LimDoSpeech: 준비 완료
08-25 09:47:28.852  3014  3014 I LimDoSpeech: 준비 완료
08-25 09:47:29.118  3014  3014 I LimDoSpeech: 준비 완료
08-25 09:47:29.390  3014  3014 I LimDoSpeech: 준비 완료
08-25 09:47:29.660  3014  3014 I LimDoSpeech: 준비 완료
08-25 09:47:29.946  3014  3014 I LimDoSpeech: 준비 완료
08-25 09:47:30.221  3014  3014 I LimDoSpeech: 준비 완료
08-25 09:47:30.500  3014  3014 I LimDoSpeech: 준비 완료
08-25 09:47:30.796  3014  3014 I LimDoSpeech: 준비 완료
08-25 09:47:31.090  3014  3014 I LimDoSpeech: 준비 완료
08-25 09:47:31.365  3014  3014 I LimDoSpeech: 준비 완료
08-25 09:47:31.667  3014  3014 I LimDoSpeech: 준비 완료
08-25 09:47:31.984  3014  3014 I LimDoSpeech: 준비 완료
08-25 09:47:32.256  3014  3014 I LimDoSpeech: 준비 완료
08-25 09:47:32.521  3014  3014 I LimDoSpeech: 준비 완료
08-25 09:47:32.799  3014  3014 I LimDoSpeech: 준비 완료
08-25 09:47:33.050  3014  3014 I LimDoSpeech: 준비 완료
08-25 09:47:33.338  3014  3014 I LimDoSpeech: 준비 완료
08-25 09:47:33.631  3014  3014 I LimDoSpeech: 준비 완료
08-25 09:47:33.884  3014  3014 I LimDoSpeech: 준비 완료
08-25 09:47:34.207  3014  3014 I LimDoSpeech: 준비 완료
08-25 09:47:34.499  3014  3014 I LimDoSpeech: 준비 완료
08-25 09:47:34.765  3014  3014 I LimDoSpeech: 준비 완료
08-25 09:47:35.020  3014  3014 I LimDoSpeech: 준비 완료
08-25 09:47:35.266  3014  3014 I LimDoSpeech: 준비 완료
08-25 09:47:35.504  3014  3014 I LimDoSpeech: 준비 완료
08-25 09:47:35.825  3014  3014 I LimDoSpeech: 준비 완료
08-25 09:47:36.119  3014  3014 I LimDoSpeech: 준비 완료
08-25 09:47:36.379  3014  3014 I LimDoSpeech: 준비 완료
08-25 09:47:36.667  3014  3014 I LimDoSpeech: 준비 완료
08-25 09:47:36.987  3014  3014 I LimDoSpeech: 준비 완료
08-25 09:47:37.280  3014  3014 I LimDoSpeech: 준비 완료
08-25 09:47:37.559  3014  3014 I LimDoSpeech: 준비 완료
08-25 09:47:37.868  3014  3014 I LimDoSpeech: 준비 완료
08-25 09:47:38.141  3014  3014 I LimDoSpeech: 준비 완료
08-25 09:47:38.390  3014  3014 I LimDoSpeech: 준비 완료
08-25 09:47:38.667  3014  3014 I LimDoSpeech: 준비 완료
08-25 09:47:38.957  3014  3014 I LimDoSpeech: 준비 완료
08-25 09:47:39.247  3014  3014 I LimDoSpeech: 준비 완료
08-25 09:47:39.507  3014  3014 I LimDoSpeech: 준비 완료
08-25 09:47:39.816  3014  3014 I LimDoSpeech: 준비 완료
08-25 09:47:40.120  3014  3014 I LimDoSpeech: 준비 완료
08-25 09:47:43.760  3014  3014 I LimDoSpeech: 재생 중:INITIAL
08-25 09:47:43.925  3014  3014 I LimDoSpeech: 준비 완료
08-25 09:47:44.899  3014  3014 I LimDoSpeech: 재생 중:INITIAL
08-25 09:47:48.416  3014  3026 I LimDoSpeech: 재생 완료:INITIAL
08-25 09:47:51.280  3014  3014 I LimDoSpeech: 준비 완료
08-25 09:47:51.812  3014  3014 I LimDoSpeech: 재생 중:INITIAL
08-25 09:47:55.167  3014  3469 I LimDoSpeech: 재생 완료:INITIAL
08-25 09:47:57.979  3014  3014 I LimDoSpeech: 준비 완료
08-25 09:47:58.529  3014  3014 I LimDoSpeech: 재생 중:INITIAL
08-25 09:48:01.898  3014  3586 I LimDoSpeech: 재생 완료:INITIAL
08-25 09:48:04.455  3014  3014 I LimDoSpeech: 준비 완료
08-25 09:48:04.982  3014  3014 I LimDoSpeech: 재생 중:INITIAL
08-25 09:48:08.339  3014  3469 I LimDoSpeech: 재생 완료:INITIAL
08-25 09:48:10.634  3014  3014 I LimDoSpeech: 준비 완료
08-25 09:48:11.121  3014  3014 I LimDoSpeech: 재생 중:INITIAL
08-25 09:48:14.481  3014  3867 I LimDoSpeech: 재생 완료:INITIAL
08-25 09:48:17.135  3014  3014 I LimDoSpeech: 준비 완료
08-25 09:48:17.647  3014  3014 I LimDoSpeech: 재생 중:INITIAL
08-25 09:48:21.010  3014  3588 I LimDoSpeech: 재생 완료:INITIAL
08-25 09:48:23.649  3014  3014 I LimDoSpeech: 준비 완료
08-25 09:48:24.197  3014  3014 I LimDoSpeech: 재생 중:INITIAL
08-25 09:48:27.544  3014  3586 I LimDoSpeech: 재생 완료:INITIAL
08-25 09:48:30.250  3014  3014 I LimDoSpeech: 준비 완료
08-25 09:48:30.786  3014  3014 I LimDoSpeech: 재생 중:INITIAL
08-25 09:48:34.114  3014  3489 I LimDoSpeech: 재생 완료:INITIAL
08-25 09:48:36.747  3014  3014 I LimDoSpeech: 준비 완료
08-25 09:48:37.263  3014  3014 I LimDoSpeech: 재생 중:INITIAL
08-25 09:48:40.593  3014  3026 I LimDoSpeech: 재생 완료:INITIAL
08-25 09:48:43.201  3014  3014 I LimDoSpeech: 준비 완료
08-25 09:48:43.714  3014  3014 I LimDoSpeech: 재생 중:INITIAL
08-25 09:48:47.085  3014  3025 I LimDoSpeech: 재생 완료:INITIAL
08-25 09:48:49.399  3014  3014 I LimDoSpeech: 준비 완료
08-25 09:48:49.970  3014  3014 I LimDoSpeech: 재생 중:INITIAL
08-25 09:48:53.358  3014  4237 I LimDoSpeech: 재생 완료:INITIAL
08-25 09:48:55.669  3014  3014 I LimDoSpeech: 준비 완료
08-25 09:48:56.170  3014  3014 I LimDoSpeech: 재생 중:INITIAL
08-25 09:48:59.571  3014  3026 I LimDoSpeech: 재생 완료:INITIAL
08-25 09:49:02.175  3014  3014 I LimDoSpeech: 준비 완료
08-25 09:49:02.714  3014  3014 I LimDoSpeech: 재생 중:INITIAL
08-25 09:49:06.056  3014  3586 I LimDoSpeech: 재생 완료:INITIAL
08-25 09:49:08.845  3014  3014 I LimDoSpeech: 준비 완료
08-25 09:49:09.361  3014  3014 I LimDoSpeech: 재생 중:INITIAL
08-25 09:49:12.706  3014  3027 I LimDoSpeech: 재생 완료:INITIAL
08-25 09:49:15.444  3014  3014 I LimDoSpeech: 준비 완료
08-25 09:49:16.020  3014  3014 I LimDoSpeech: 재생 중:INITIAL
08-25 09:49:19.374  3014  3586 I LimDoSpeech: 재생 완료:INITIAL
08-25 09:49:21.970  3014  3014 I LimDoSpeech: 준비 완료
08-25 09:49:22.535  3014  3014 I LimDoSpeech: 재생 중:INITIAL
08-25 09:49:25.892  3014  3027 I LimDoSpeech: 재생 완료:INITIAL
08-25 09:49:28.494  3014  3014 I LimDoSpeech: 준비 완료
08-25 09:49:28.996  3014  3014 I LimDoSpeech: 재생 중:INITIAL
08-25 09:49:32.327  3014  3961 I LimDoSpeech: 재생 완료:INITIAL
08-25 09:49:34.723  3014  3014 I LimDoSpeech: 준비 완료
08-25 09:49:35.252  3014  3014 I LimDoSpeech: 재생 중:INITIAL
08-25 09:49:38.627  3014  3588 I LimDoSpeech: 재생 완료:INITIAL
08-25 09:49:41.461  3014  3014 I LimDoSpeech: 준비 완료
08-25 09:49:42.032  3014  3014 I LimDoSpeech: 재생 중:INITIAL
08-25 09:49:45.365  3014  3961 I LimDoSpeech: 재생 완료:INITIAL
08-25 09:49:48.103  3014  3014 I LimDoSpeech: 준비 완료
08-25 09:49:48.654  3014  3014 I LimDoSpeech: 재생 중:INITIAL
08-25 09:49:51.984  3014  3586 I LimDoSpeech: 재생 완료:INITIAL
08-25 09:49:55.036  3014  3014 I LimDoSpeech: 준비 완료
08-25 09:49:55.562  3014  3014 I LimDoSpeech: 재생 중:INITIAL
08-25 09:49:58.932  3014  3586 I LimDoSpeech: 재생 완료:INITIAL
08-25 09:50:01.511  3014  3014 I LimDoSpeech: 준비 완료
08-25 09:50:02.029  3014  3014 I LimDoSpeech: 재생 중:INITIAL
08-25 09:50:05.356  3014  3961 I LimDoSpeech: 재생 완료:INITIAL
08-25 09:50:07.935  3014  3014 I LimDoSpeech: 준비 완료
08-25 09:50:08.474  3014  3014 I LimDoSpeech: 재생 중:INITIAL
08-25 09:50:11.843  3014  3026 I LimDoSpeech: 재생 완료:INITIAL
08-25 09:50:14.377  3014  3014 I LimDoSpeech: 준비 완료
08-25 09:50:14.904  3014  3014 I LimDoSpeech: 재생 중:INITIAL
08-25 09:50:18.265  3014  4140 I LimDoSpeech: 재생 완료:INITIAL
08-25 09:50:21.445  3014  3014 I LimDoSpeech: 준비 완료
08-25 09:50:25.051  3014  3014 I LimDoSpeech: 재생 중:INITIAL
08-25 09:50:28.399  3014  4049 I LimDoSpeech: 재생 완료:INITIAL
